../Core/Src/main.c:69:6:read_sensor_values	40	static
../Core/Src/main.c:83:6:mqtt_data_send	64	static
../Core/Src/main.c:100:5:main	64	static
../Core/Src/main.c:155:6:WE10_Init	136	static
../Core/Src/main.c:203:6:MQTT_Init	136	static
../Core/Src/main.c:253:6:SystemClock_Config	88	static
../Core/Src/main.c:301:13:MX_I2C1_Init	8	static
../Core/Src/main.c:335:13:MX_USART1_UART_Init	8	static
../Core/Src/main.c:368:13:MX_USART2_UART_Init	8	static
../Core/Src/main.c:401:13:MX_GPIO_Init	48	static
../Core/Src/main.c:441:6:Error_Handler	4	static,ignoring_inline_asm
