../Core/Src/main.c:37:6:cmd1	8	static
../Core/Src/main.c:44:6:cmd2	8	static
../Core/Src/main.c:52:6:cmd3	8	static
../Core/Src/main.c:60:6:cmd4	8	static
../Core/Src/main.c:70:6:cmd5	8	static
../Core/Src/main.c:87:5:main	8	static
../Core/Src/main.c:101:6:delayMs	16	static
../Core/Src/main.c:107:6:uart1_init	8	static
../Core/Src/main.c:147:13:uart_set_baudrate	24	static
../Core/Src/main.c:152:17:compute_uart_bd	16	static
../Core/Src/main.c:160:6:uart1_read	4	static
../Core/Src/main.c:170:6:uart1_write	16	static
../Core/Src/main.c:179:6:uart_str_wr	24	static
