../Core/Src/main.c:75:6:delayMs	24	static
../Core/Src/main.c:82:6:read_sensor_values	40	static
../Core/Src/main.c:95:6:mqtt_data_send	64	static
../Core/Src/main.c:113:5:main	64	static
../Core/Src/main.c:180:6:WE10_Init	144	static
../Core/Src/main.c:229:6:MQTT_Init	136	static
../Core/Src/main.c:279:6:SystemClock_Config	88	static
../Core/Src/main.c:327:13:MX_I2C1_Init	8	static
../Core/Src/main.c:361:13:MX_USART1_UART_Init	8	static
../Core/Src/main.c:394:13:MX_USART2_UART_Init	8	static
../Core/Src/main.c:427:13:MX_GPIO_Init	48	static
../Core/Src/main.c:467:6:Error_Handler	4	static,ignoring_inline_asm
