Archive member included to satisfy reference by file (symbol)

/opt/st/stm32cubeide_1.13.0/plugins/com.st.stm32cube.ide.mcu.externaltools.gnu-tools-for-stm32.11.3.rel1.linux64_1.1.0.202305231506/tools/bin/../lib/gcc/arm-none-eabi/11.3.1/../../../../arm-none-eabi/lib/thumb/v7e-m+fp/hard/libc_nano.a(libc_a-exit.o)
                              /opt/st/stm32cubeide_1.13.0/plugins/com.st.stm32cube.ide.mcu.externaltools.gnu-tools-for-stm32.11.3.rel1.linux64_1.1.0.202305231506/tools/bin/../lib/gcc/arm-none-eabi/11.3.1/../../../../arm-none-eabi/lib/thumb/v7e-m+fp/hard/crt0.o (exit)
/opt/st/stm32cubeide_1.13.0/plugins/com.st.stm32cube.ide.mcu.externaltools.gnu-tools-for-stm32.11.3.rel1.linux64_1.1.0.202305231506/tools/bin/../lib/gcc/arm-none-eabi/11.3.1/../../../../arm-none-eabi/lib/thumb/v7e-m+fp/hard/libc_nano.a(libc_a-findfp.o)
                              /opt/st/stm32cubeide_1.13.0/plugins/com.st.stm32cube.ide.mcu.externaltools.gnu-tools-for-stm32.11.3.rel1.linux64_1.1.0.202305231506/tools/bin/../lib/gcc/arm-none-eabi/11.3.1/../../../../arm-none-eabi/lib/thumb/v7e-m+fp/hard/libc_nano.a(libc_a-exit.o) (__stdio_exit_handler)
/opt/st/stm32cubeide_1.13.0/plugins/com.st.stm32cube.ide.mcu.externaltools.gnu-tools-for-stm32.11.3.rel1.linux64_1.1.0.202305231506/tools/bin/../lib/gcc/arm-none-eabi/11.3.1/../../../../arm-none-eabi/lib/thumb/v7e-m+fp/hard/libc_nano.a(libc_a-fwalk.o)
                              /opt/st/stm32cubeide_1.13.0/plugins/com.st.stm32cube.ide.mcu.externaltools.gnu-tools-for-stm32.11.3.rel1.linux64_1.1.0.202305231506/tools/bin/../lib/gcc/arm-none-eabi/11.3.1/../../../../arm-none-eabi/lib/thumb/v7e-m+fp/hard/libc_nano.a(libc_a-findfp.o) (_fwalk_sglue)
/opt/st/stm32cubeide_1.13.0/plugins/com.st.stm32cube.ide.mcu.externaltools.gnu-tools-for-stm32.11.3.rel1.linux64_1.1.0.202305231506/tools/bin/../lib/gcc/arm-none-eabi/11.3.1/../../../../arm-none-eabi/lib/thumb/v7e-m+fp/hard/libc_nano.a(libc_a-stdio.o)
                              /opt/st/stm32cubeide_1.13.0/plugins/com.st.stm32cube.ide.mcu.externaltools.gnu-tools-for-stm32.11.3.rel1.linux64_1.1.0.202305231506/tools/bin/../lib/gcc/arm-none-eabi/11.3.1/../../../../arm-none-eabi/lib/thumb/v7e-m+fp/hard/libc_nano.a(libc_a-findfp.o) (__sread)
/opt/st/stm32cubeide_1.13.0/plugins/com.st.stm32cube.ide.mcu.externaltools.gnu-tools-for-stm32.11.3.rel1.linux64_1.1.0.202305231506/tools/bin/../lib/gcc/arm-none-eabi/11.3.1/../../../../arm-none-eabi/lib/thumb/v7e-m+fp/hard/libc_nano.a(libc_a-memset.o)
                              /opt/st/stm32cubeide_1.13.0/plugins/com.st.stm32cube.ide.mcu.externaltools.gnu-tools-for-stm32.11.3.rel1.linux64_1.1.0.202305231506/tools/bin/../lib/gcc/arm-none-eabi/11.3.1/../../../../arm-none-eabi/lib/thumb/v7e-m+fp/hard/crt0.o (memset)
/opt/st/stm32cubeide_1.13.0/plugins/com.st.stm32cube.ide.mcu.externaltools.gnu-tools-for-stm32.11.3.rel1.linux64_1.1.0.202305231506/tools/bin/../lib/gcc/arm-none-eabi/11.3.1/../../../../arm-none-eabi/lib/thumb/v7e-m+fp/hard/libc_nano.a(libc_a-closer.o)
                              /opt/st/stm32cubeide_1.13.0/plugins/com.st.stm32cube.ide.mcu.externaltools.gnu-tools-for-stm32.11.3.rel1.linux64_1.1.0.202305231506/tools/bin/../lib/gcc/arm-none-eabi/11.3.1/../../../../arm-none-eabi/lib/thumb/v7e-m+fp/hard/libc_nano.a(libc_a-stdio.o) (_close_r)
/opt/st/stm32cubeide_1.13.0/plugins/com.st.stm32cube.ide.mcu.externaltools.gnu-tools-for-stm32.11.3.rel1.linux64_1.1.0.202305231506/tools/bin/../lib/gcc/arm-none-eabi/11.3.1/../../../../arm-none-eabi/lib/thumb/v7e-m+fp/hard/libc_nano.a(libc_a-reent.o)
                              /opt/st/stm32cubeide_1.13.0/plugins/com.st.stm32cube.ide.mcu.externaltools.gnu-tools-for-stm32.11.3.rel1.linux64_1.1.0.202305231506/tools/bin/../lib/gcc/arm-none-eabi/11.3.1/../../../../arm-none-eabi/lib/thumb/v7e-m+fp/hard/libc_nano.a(libc_a-closer.o) (errno)
/opt/st/stm32cubeide_1.13.0/plugins/com.st.stm32cube.ide.mcu.externaltools.gnu-tools-for-stm32.11.3.rel1.linux64_1.1.0.202305231506/tools/bin/../lib/gcc/arm-none-eabi/11.3.1/../../../../arm-none-eabi/lib/thumb/v7e-m+fp/hard/libc_nano.a(libc_a-impure.o)
                              /opt/st/stm32cubeide_1.13.0/plugins/com.st.stm32cube.ide.mcu.externaltools.gnu-tools-for-stm32.11.3.rel1.linux64_1.1.0.202305231506/tools/bin/../lib/gcc/arm-none-eabi/11.3.1/../../../../arm-none-eabi/lib/thumb/v7e-m+fp/hard/libc_nano.a(libc_a-reent.o) (_impure_ptr)
/opt/st/stm32cubeide_1.13.0/plugins/com.st.stm32cube.ide.mcu.externaltools.gnu-tools-for-stm32.11.3.rel1.linux64_1.1.0.202305231506/tools/bin/../lib/gcc/arm-none-eabi/11.3.1/../../../../arm-none-eabi/lib/thumb/v7e-m+fp/hard/libc_nano.a(libc_a-lseekr.o)
                              /opt/st/stm32cubeide_1.13.0/plugins/com.st.stm32cube.ide.mcu.externaltools.gnu-tools-for-stm32.11.3.rel1.linux64_1.1.0.202305231506/tools/bin/../lib/gcc/arm-none-eabi/11.3.1/../../../../arm-none-eabi/lib/thumb/v7e-m+fp/hard/libc_nano.a(libc_a-stdio.o) (_lseek_r)
[...]
Memory Configuration

Name             Origin             Length             Attributes
RAM              0x0000000020000000 0x0000000000020000 xrw
FLASH            0x0000000008000000 0x0000000000080000 xr
*default*        0x0000000000000000 0xffffffffffffffff

Linker script and memory map

LOAD /opt/st/stm32cubeide_1.13.0/plugins/com.st.stm32cube.ide.mcu.externaltools.gnu-tools-for-stm32.11.3.rel1.linux64_1.1.0.202305231506/tools/bin/../lib/gcc/arm-none-eabi/11.3.1/thumb/v7e-m+fp/hard/crti.o
LOAD /opt/st/stm32cubeide_1.13.0/plugins/com.st.stm32cube.ide.mcu.externaltools.gnu-tools-for-stm32.11.3.rel1.linux64_1.1.0.202305231506/tools/bin/../lib/gcc/arm-none-eabi/11.3.1/thumb/v7e-m+fp/hard/crtbegin.o
LOAD /opt/st/stm32cubeide_1.13.0/plugins/com.st.stm32cube.ide.mcu.externaltools.gnu-tools-for-stm32.11.3.rel1.linux64_1.1.0.202305231506/tools/bin/../lib/gcc/arm-none-eabi/11.3.1/../../../../arm-none-eabi/lib/thumb/v7e-m+fp/hard/crt0.o
LOAD ./Core/Src/delay.o
LOAD ./Core/Src/i2c.o
LOAD ./Core/Src/lcd.o
LOAD ./Core/Src/main.o
LOAD ./Core/Src/stm32f4xx_hal_msp.o
LOAD ./Core/Src/stm32f4xx_it.o
LOAD ./Core/Src/syscalls.o
LOAD ./Core/Src/sysmem.o
LOAD ./Core/Src/system_stm32f4xx.o
LOAD ./Core/Startup/startup_stm32f446retx.o
LOAD ./Drivers/STM32F4xx_HAL_Driver/Src/stm32f4xx_hal.o
LOAD ./Drivers/STM32F4xx_HAL_Driver/Src/stm32f4xx_hal_cortex.o
LOAD ./Drivers/STM32F4xx_HAL_Driver/Src/stm32f4xx_hal_dma.o
LOAD ./Drivers/STM32F4xx_HAL_Driver/Src/stm32f4xx_hal_dma_ex.o
LOAD ./Drivers/STM32F4xx_HAL_Driver/Src/stm32f4xx_hal_exti.o
LOAD ./Drivers/STM32F4xx_HAL_Driver/Src/stm32f4xx_hal_flash.o
LOAD ./Drivers/STM32F4xx_HAL_Driver/Src/stm32f4xx_hal_flash_ex.o
LOAD ./Drivers/STM32F4xx_HAL_Driver/Src/stm32f4xx_hal_flash_ramfunc.o
LOAD ./Drivers/STM32F4xx_HAL_Driver/Src/stm32f4xx_hal_gpio.o
LOAD ./Drivers/STM32F4xx_HAL_Driver/Src/stm32f4xx_hal_pwr.o
LOAD ./Drivers/STM32F4xx_HAL_Driver/Src/stm32f4xx_hal_pwr_ex.o
LOAD ./Drivers/STM32F4xx_HAL_Driver/Src/stm32f4xx_hal_rcc.o
LOAD ./Drivers/STM32F4xx_HAL_Driver/Src/stm32f4xx_hal_rcc_ex.o
LOAD ./Drivers/STM32F4xx_HAL_Driver/Src/stm32f4xx_hal_tim.o
LOAD ./Drivers/STM32F4xx_HAL_Driver/Src/stm32f4xx_hal_tim_ex.o
LOAD ./Drivers/STM32F4xx_HAL_Driver/Src/stm32f4xx_hal_uart.o
START GROUP
LOAD /opt/st/stm32cubeide_1.13.0/plugins/com.st.stm32cube.ide.mcu.externaltools.gnu-tools-for-stm32.11.3.rel1.linux64_1.1.0.202305231506/tools/bin/../lib/gcc/arm-none-eabi/11.3.1/../../../../arm-none-eabi/lib/thumb/v7e-m+fp/hard/libc_nano.a
LOAD /opt/st/stm32cubeide_1.13.0/plugins/com.st.stm32cube.ide.mcu.externaltools.gnu-tools-for-stm32.11.3.rel1.linux64_1.1.0.202305231506/tools/bin/../lib/gcc/arm-none-eabi/11.3.1/../../../../arm-none-eabi/lib/thumb/v7e-m+fp/hard/libm.a
END GROUP
START GROUP
LOAD /opt/st/stm32cubeide_1.13.0/plugins/com.st.stm32cube.ide.mcu.externaltools.gnu-tools-for-stm32.11.3.rel1.linux64_1.1.0.202305231506/tools/bin/../lib/gcc/arm-none-eabi/11.3.1/thumb/v7e-m+fp/hard/libgcc.a
LOAD /opt/st/stm32cubeide_1.13.0/plugins/com.st.stm32cube.ide.mcu.externaltools.gnu-tools-for-stm32.11.3.rel1.linux64_1.1.0.202305231506/tools/bin/../lib/gcc/arm-none-eabi/11.3.1/../../../../arm-none-eabi/lib/thumb/v7e-m+fp/hard/libc_nano.a
END GROUP
START GROUP
LOAD /opt/st/stm32cubeide_1.13.0/plugins/com.st.stm32cube.ide.mcu.externaltools.gnu-tools-for-stm32.11.3.rel1.linux64_1.1.0.202305231506/tools/bin/../lib/gcc/arm-none-eabi/11.3.1/thumb/v7e-m+fp/hard/libgcc.a
LOAD /opt/st/stm32cubeide_1.13.0/plugins/com.st.stm32cube.ide.mcu.externaltools.gnu-tools-for-stm32.11.3.rel1.linux64_1.1.0.202305231506/tools/bin/../lib/gcc/arm-none-eabi/11.3.1/../../../../arm-none-eabi/lib/thumb/v7e-m+fp/hard/libc_nano.a
LOAD /opt/st/stm32cubeide_1.13.0/plugins/com.st.stm32cube.ide.mcu.externaltools.gnu-tools-for-stm32.11.3.rel1.linux64_1.1.0.202305231506/tools/bin/../lib/gcc/arm-none-eabi/11.3.1/../../../../arm-none-eabi/lib/thumb/v7e-m+fp/hard/libnosys.a
END GROUP
START GROUP
LOAD /opt/st/stm32cubeide_1.13.0/plugins/com.st.stm32cube.ide.mcu.externaltools.gnu-tools-for-stm32.11.3.rel1.linux64_1.1.0.202305231506/tools/bin/../lib/gcc/arm-none-eabi/11.3.1/thumb/v7e-m+fp/hard/libgcc.a
LOAD /opt/st/stm32cubeide_1.13.0/plugins/com.st.stm32cube.ide.mcu.externaltools.gnu-tools-for-stm32.11.3.rel1.linux64_1.1.0.202305231506/tools/bin/../lib/gcc/arm-none-eabi/11.3.1/../../../../arm-none-eabi/lib/thumb/v7e-m+fp/hard/libc_nano.a
LOAD /opt/st/stm32cubeide_1.13.0/plugins/com.st.stm32cube.ide.mcu.externaltools.gnu-tools-for-stm32.11.3.rel1.linux64_1.1.0.202305231506/tools/bin/../lib/gcc/arm-none-eabi/11.3.1/../../../../arm-none-eabi/lib/thumb/v7e-m+fp/hard/libnosys.a
END GROUP
LOAD /opt/st/stm32cubeide_1.13.0/plugins/com.st.stm32cube.ide.mcu.externaltools.gnu-tools-for-stm32.11.3.rel1.linux64_1.1.0.202305231506/tools/bin/../lib/gcc/arm-none-eabi/11.3.1/thumb/v7e-m+fp/hard/crtend.o
LOAD /opt/st/stm32cubeide_1.13.0/plugins/com.st.stm32cube.ide.mcu.externaltools.gnu-tools-for-stm32.11.3.rel1.linux64_1.1.0.202305231506/tools/bin/../lib/gcc/arm-none-eabi/11.3.1/thumb/v7e-m+fp/hard/crtn.o
                0x0000000020020000                _estack = (ORIGIN (RAM) + LENGTH (RAM))
                0x0000000000000200                _Min_Heap_Size = 0x200
                0x0000000000000400                _Min_Stack_Size = 0x400

.isr_vector     0x0000000008000000      0x1c4
                0x0000000008000000                . = ALIGN (0x4)
 *(.isr_vector)
 .isr_vector    0x0000000008000000      0x1c4 ./Core/Startup/startup_stm32f446retx.o
                0x0000000008000000                g_pfnVectors
                0x00000000080001c4                . = ALIGN (0x4)

.text           0x00000000080001c4      0x594
                0x00000000080001c4                . = ALIGN (0x4)
 *(.text)
 .text          0x00000000080001c4       0x40 /opt/st/stm32cubeide_1.13.0/plugins/com.st.stm32cube.ide.mcu.externaltools.gnu-tools-for-stm32.11.3.rel1.linux64_1.1.0.202305231506/tools/bin/../lib/gcc/arm-none-eabi/11.3.1/thumb/v7e-m+fp/hard/crtbegin.o
 *(.text*)
 .text.systick_init_ms
                0x0000000008000204       0x40 ./Core/Src/delay.o
                0x0000000008000204                systick_init_ms
 .text.millis   0x0000000008000244       0x2c ./Core/Src/delay.o
                0x0000000008000244                millis
 .text.SysTick_Handler
                0x0000000008000270       0x1c ./Core/Src/delay.o
                0x0000000008000270                SysTick_Handler
 .text.delay    0x000000000800028c       0x28 ./Core/Src/delay.o
                0x000000000800028c                delay
 .text.i2c_init
                0x00000000080002b4       0x90 ./Core/Src/i2c.o
                0x00000000080002b4                i2c_init
 .text.lcd_write_i2c
                0x0000000008000344       0xa0 ./Core/Src/lcd.o
                0x0000000008000344                lcd_write_i2c
 .text.lcd_send_cmd
                0x00000000080003e4       0x56 ./Core/Src/lcd.o
                0x00000000080003e4                lcd_send_cmd
 .text.lcd_send_data
                0x000000000800043a       0x56 ./Core/Src/lcd.o
                0x000000000800043a                lcd_send_data
 .text.setCursor
                0x0000000008000490       0x70 ./Core/Src/lcd.o
                0x0000000008000490                setCursor
 .text.lcd_send_string
                0x0000000008000500       0x2a ./Core/Src/lcd.o
                0x0000000008000500                lcd_send_string
 .text.lcd_init
                0x000000000800052a       0x7e ./Core/Src/lcd.o
                0x000000000800052a                lcd_init
 .text.lcd_clear
                0x00000000080005a8       0x14 ./Core/Src/lcd.o
                0x00000000080005a8                lcd_clear
 .text.main     0x00000000080005bc       0x7c ./Core/Src/main.o
                0x00000000080005bc                main
 .text.NMI_Handler
                0x0000000008000638        0x6 ./Core/Src/stm32f4xx_it.o
                0x0000000008000638                NMI_Handler
 .text.HardFault_Handler
                0x000000000800063e        0x6 ./Core/Src/stm32f4xx_it.o
                0x000000000800063e                HardFault_Handler
 .text.MemManage_Handler
                0x0000000008000644        0x6 ./Core/Src/stm32f4xx_it.o
                0x0000000008000644                MemManage_Handler
 .text.BusFault_Handler
                0x000000000800064a        0x6 ./Core/Src/stm32f4xx_it.o
                0x000000000800064a                BusFault_Handler
 .text.UsageFault_Handler
                0x0000000008000650        0x6 ./Core/Src/stm32f4xx_it.o
                0x0000000008000650                UsageFault_Handler
 .text.SVC_Handler
                0x0000000008000656        0xe ./Core/Src/stm32f4xx_it.o
                0x0000000008000656                SVC_Handler
 .text.DebugMon_Handler
                0x0000000008000664        0xe ./Core/Src/stm32f4xx_it.o
                0x0000000008000664                DebugMon_Handler
 .text.PendSV_Handler
                0x0000000008000672        0xe ./Core/Src/stm32f4xx_it.o
                0x0000000008000672                PendSV_Handler
 .text.SystemInit
                0x0000000008000680       0x24 ./Core/Src/system_stm32f4xx.o
                0x0000000008000680                SystemInit
 .text.Reset_Handler
                0x00000000080006a4       0x50 ./Core/Startup/startup_stm32f446retx.o
                0x00000000080006a4                Reset_Handler
 .text.Default_Handler
                0x00000000080006f4        0x2 ./Core/Startup/startup_stm32f446retx.o
                0x00000000080006f4                RTC_Alarm_IRQHandler
                0x00000000080006f4                EXTI2_IRQHandler
                0x00000000080006f4                TIM8_CC_IRQHandler
                0x00000000080006f4                FMPI2C1_EV_IRQHandler
                0x00000000080006f4                SPI4_IRQHandler
                0x00000000080006f4                TIM1_CC_IRQHandler
                0x00000000080006f4                DMA2_Stream5_IRQHandler
                0x00000000080006f4                DMA1_Stream5_IRQHandler
                0x00000000080006f4                PVD_IRQHandler
                0x00000000080006f4                SDIO_IRQHandler
                0x00000000080006f4                TAMP_STAMP_IRQHandler
                0x00000000080006f4                CAN2_RX1_IRQHandler
                0x00000000080006f4                EXTI3_IRQHandler
                0x00000000080006f4                TIM8_TRG_COM_TIM14_IRQHandler
                0x00000000080006f4                TIM1_UP_TIM10_IRQHandler
                0x00000000080006f4                TIM8_UP_TIM13_IRQHandler
                0x00000000080006f4                I2C3_ER_IRQHandler
                0x00000000080006f4                EXTI0_IRQHandler
                0x00000000080006f4                I2C2_EV_IRQHandler
                0x00000000080006f4                DMA1_Stream2_IRQHandler
                0x00000000080006f4                CAN1_RX0_IRQHandler
                0x00000000080006f4                FPU_IRQHandler
                0x00000000080006f4                OTG_HS_WKUP_IRQHandler
                0x00000000080006f4                CAN2_SCE_IRQHandler
                0x00000000080006f4                DMA2_Stream2_IRQHandler
                0x00000000080006f4                SPI1_IRQHandler
                0x00000000080006f4                TIM6_DAC_IRQHandler
                0x00000000080006f4                TIM1_BRK_TIM9_IRQHandler
                0x00000000080006f4                DCMI_IRQHandler
                0x00000000080006f4                CAN2_RX0_IRQHandler
                0x00000000080006f4                DMA2_Stream3_IRQHandler
                0x00000000080006f4                SAI2_IRQHandler
                0x00000000080006f4                USART6_IRQHandler
                0x00000000080006f4                USART3_IRQHandler
                0x00000000080006f4                CAN1_RX1_IRQHandler
                0x00000000080006f4                UART5_IRQHandler
                0x00000000080006f4                DMA2_Stream0_IRQHandler
                0x00000000080006f4                TIM4_IRQHandler
                0x00000000080006f4                QUADSPI_IRQHandler
                0x00000000080006f4                I2C1_EV_IRQHandler
                0x00000000080006f4                DMA1_Stream6_IRQHandler
                0x00000000080006f4                DMA1_Stream1_IRQHandler
                0x00000000080006f4                UART4_IRQHandler
                0x00000000080006f4                TIM3_IRQHandler
                0x00000000080006f4                RCC_IRQHandler
                0x00000000080006f4                TIM8_BRK_TIM12_IRQHandler
                0x00000000080006f4                Default_Handler
                0x00000000080006f4                CEC_IRQHandler
                0x00000000080006f4                EXTI15_10_IRQHandler
                0x00000000080006f4                ADC_IRQHandler
                0x00000000080006f4                DMA1_Stream7_IRQHandler
                0x00000000080006f4                TIM7_IRQHandler
                0x00000000080006f4                CAN2_TX_IRQHandler
                0x00000000080006f4                TIM5_IRQHandler
                0x00000000080006f4                DMA2_Stream7_IRQHandler
                0x00000000080006f4                I2C3_EV_IRQHandler
                0x00000000080006f4                EXTI9_5_IRQHandler
                0x00000000080006f4                RTC_WKUP_IRQHandler
                0x00000000080006f4                SPDIF_RX_IRQHandler
                0x00000000080006f4                SPI2_IRQHandler
                0x00000000080006f4                OTG_HS_EP1_IN_IRQHandler
                0x00000000080006f4                DMA1_Stream0_IRQHandler
                0x00000000080006f4                CAN1_TX_IRQHandler
                0x00000000080006f4                FMPI2C1_ER_IRQHandler
                0x00000000080006f4                EXTI4_IRQHandler
                0x00000000080006f4                OTG_HS_EP1_OUT_IRQHandler
                0x00000000080006f4                WWDG_IRQHandler
                0x00000000080006f4                TIM2_IRQHandler
                0x00000000080006f4                OTG_FS_WKUP_IRQHandler
                0x00000000080006f4                TIM1_TRG_COM_TIM11_IRQHandler
                0x00000000080006f4                OTG_HS_IRQHandler
                0x00000000080006f4                EXTI1_IRQHandler
                0x00000000080006f4                USART2_IRQHandler
                0x00000000080006f4                I2C2_ER_IRQHandler
                0x00000000080006f4                DMA2_Stream1_IRQHandler
                0x00000000080006f4                CAN1_SCE_IRQHandler
                0x00000000080006f4                FLASH_IRQHandler
                0x00000000080006f4                DMA2_Stream4_IRQHandler
                0x00000000080006f4                USART1_IRQHandler
                0x00000000080006f4                OTG_FS_IRQHandler
                0x00000000080006f4                SPI3_IRQHandler
                0x00000000080006f4                DMA1_Stream4_IRQHandler
                0x00000000080006f4                I2C1_ER_IRQHandler
                0x00000000080006f4                FMC_IRQHandler
                0x00000000080006f4                DMA2_Stream6_IRQHandler
                0x00000000080006f4                SAI1_IRQHandler
                0x00000000080006f4                DMA1_Stream3_IRQHandler
 *fill*         0x00000000080006f6        0x2 
 .text.__libc_init_array
                0x00000000080006f8       0x48 /opt/st/stm32cubeide_1.13.0/plugins/com.st.stm32cube.ide.mcu.externaltools.gnu-tools-for-stm32.11.3.rel1.linux64_1.1.0.202305231506/tools/bin/../lib/gcc/arm-none-eabi/11.3.1/../../../../arm-none-eabi/lib/thumb/v7e-m+fp/hard/libc_nano.a(libc_a-init.o)
                0x00000000080006f8                __libc_init_array
 *(.glue_7)
 .glue_7        0x0000000008000740        0x0 linker stubs
 *(.glue_7t)
 .glue_7t       0x0000000008000740        0x0 linker stubs
 *(.eh_frame)
 .eh_frame      0x0000000008000740        0x0 /opt/st/stm32cubeide_1.13.0/plugins/com.st.stm32cube.ide.mcu.externaltools.gnu-tools-for-stm32.11.3.rel1.linux64_1.1.0.202305231506/tools/bin/../lib/gcc/arm-none-eabi/11.3.1/thumb/v7e-m+fp/hard/crtbegin.o
 *(.init)
 .init          0x0000000008000740        0x4 /opt/st/stm32cubeide_1.13.0/plugins/com.st.stm32cube.ide.mcu.externaltools.gnu-tools-for-stm32.11.3.rel1.linux64_1.1.0.202305231506/tools/bin/../lib/gcc/arm-none-eabi/11.3.1/thumb/v7e-m+fp/hard/crti.o
                0x0000000008000740                _init
 .init          0x0000000008000744        0x8 /opt/st/stm32cubeide_1.13.0/plugins/com.st.stm32cube.ide.mcu.externaltools.gnu-tools-for-stm32.11.3.rel1.linux64_1.1.0.202305231506/tools/bin/../lib/gcc/arm-none-eabi/11.3.1/thumb/v7e-m+fp/hard/crtn.o
 *(.fini)
 .fini          0x000000000800074c        0x4 /opt/st/stm32cubeide_1.13.0/plugins/com.st.stm32cube.ide.mcu.externaltools.gnu-tools-for-stm32.11.3.rel1.linux64_1.1.0.202305231506/tools/bin/../lib/gcc/arm-none-eabi/11.3.1/thumb/v7e-m+fp/hard/crti.o
                0x000000000800074c                _fini
 .fini          0x0000000008000750        0x8 /opt/st/stm32cubeide_1.13.0/plugins/com.st.stm32cube.ide.mcu.externaltools.gnu-tools-for-stm32.11.3.rel1.linux64_1.1.0.202305231506/tools/bin/../lib/gcc/arm-none-eabi/11.3.1/thumb/v7e-m+fp/hard/crtn.o
                0x0000000008000758                . = ALIGN (0x4)
                0x0000000008000758                _etext = .

.vfp11_veneer   0x0000000008000758        0x0
 .vfp11_veneer  0x0000000008000758        0x0 linker stubs

.v4_bx          0x0000000008000758        0x0
 .v4_bx         0x0000000008000758        0x0 linker stubs

.iplt           0x0000000008000758        0x0
 .iplt          0x0000000008000758        0x0 /opt/st/stm32cubeide_1.13.0/plugins/com.st.stm32cube.ide.mcu.externaltools.gnu-tools-for-stm32.11.3.rel1.linux64_1.1.0.202305231506/tools/bin/../lib/gcc/arm-none-eabi/11.3.1/thumb/v7e-m+fp/hard/crtbegin.o

.rodata         0x0000000008000758       0x34
                0x0000000008000758                . = ALIGN (0x4)
 *(.rodata)
 .rodata        0x0000000008000758       0x31 ./Core/Src/main.o
 *(.rodata*)
                0x000000000800078c                . = ALIGN (0x4)
 *fill*         0x0000000008000789        0x3 

.rel.dyn        0x000000000800078c        0x0
 .rel.iplt      0x000000000800078c        0x0 /opt/st/stm32cubeide_1.13.0/plugins/com.st.stm32cube.ide.mcu.externaltools.gnu-tools-for-stm32.11.3.rel1.linux64_1.1.0.202305231506/tools/bin/../lib/gcc/arm-none-eabi/11.3.1/thumb/v7e-m+fp/hard/crtbegin.o

.ARM.extab      0x000000000800078c        0x0
                0x000000000800078c                . = ALIGN (0x4)
 *(.ARM.extab* .gnu.linkonce.armextab.*)
                0x000000000800078c                . = ALIGN (0x4)

.ARM            0x000000000800078c        0x0
                0x000000000800078c                . = ALIGN (0x4)
                0x000000000800078c                __exidx_start = .
 *(.ARM.exidx*)
                0x000000000800078c                __exidx_end = .
                0x000000000800078c                . = ALIGN (0x4)

.preinit_array  0x000000000800078c        0x0
                0x000000000800078c                . = ALIGN (0x4)
                0x000000000800078c                PROVIDE (__preinit_array_start = .)
 *(.preinit_array*)
                0x000000000800078c                PROVIDE (__preinit_array_end = .)
                0x000000000800078c                . = ALIGN (0x4)

.init_array     0x000000000800078c        0x4
                0x000000000800078c                . = ALIGN (0x4)
                0x000000000800078c                PROVIDE (__init_array_start = .)
 *(SORT_BY_NAME(.init_array.*))
 *(.init_array*)
 .init_array    0x000000000800078c        0x4 /opt/st/stm32cubeide_1.13.0/plugins/com.st.stm32cube.ide.mcu.externaltools.gnu-tools-for-stm32.11.3.rel1.linux64_1.1.0.202305231506/tools/bin/../lib/gcc/arm-none-eabi/11.3.1/thumb/v7e-m+fp/hard/crtbegin.o
                0x0000000008000790                PROVIDE (__init_array_end = .)
                0x0000000008000790                . = ALIGN (0x4)

.fini_array     0x0000000008000790        0x4
                0x0000000008000790                . = ALIGN (0x4)
                [!provide]                        PROVIDE (__fini_array_start = .)
 *(SORT_BY_NAME(.fini_array.*))
 *(.fini_array*)
 .fini_array    0x0000000008000790        0x4 /opt/st/stm32cubeide_1.13.0/plugins/com.st.stm32cube.ide.mcu.externaltools.gnu-tools-for-stm32.11.3.rel1.linux64_1.1.0.202305231506/tools/bin/../lib/gcc/arm-none-eabi/11.3.1/thumb/v7e-m+fp/hard/crtbegin.o
                [!provide]                        PROVIDE (__fini_array_end = .)
                0x0000000008000794                . = ALIGN (0x4)
                0x0000000008000794                _sidata = LOADADDR (.data)

.data           0x0000000020000000        0x0 load address 0x0000000008000794
                0x0000000020000000                . = ALIGN (0x4)
                0x0000000020000000                _sdata = .
 *(.data)
 *(.data*)
 *(.RamFunc)
 *(.RamFunc*)
                0x0000000020000000                . = ALIGN (0x4)
                0x0000000020000000                _edata = .

.igot.plt       0x0000000020000000        0x0 load address 0x0000000008000794
 .igot.plt      0x0000000020000000        0x0 /opt/st/stm32cubeide_1.13.0/plugins/com.st.stm32cube.ide.mcu.externaltools.gnu-tools-for-stm32.11.3.rel1.linux64_1.1.0.202305231506/tools/bin/../lib/gcc/arm-none-eabi/11.3.1/thumb/v7e-m+fp/hard/crtbegin.o
                0x0000000020000000                . = ALIGN (0x4)

.bss            0x0000000020000000       0x24 load address 0x0000000008000794
                0x0000000020000000                _sbss = .
                0x0000000020000000                __bss_start__ = _sbss
 *(.bss)
 .bss           0x0000000020000000       0x1c /opt/st/stm32cubeide_1.13.0/plugins/com.st.stm32cube.ide.mcu.externaltools.gnu-tools-for-stm32.11.3.rel1.linux64_1.1.0.202305231506/tools/bin/../lib/gcc/arm-none-eabi/11.3.1/thumb/v7e-m+fp/hard/crtbegin.o
 *(.bss*)
 .bss.ms        0x000000002000001c        0x4 ./Core/Src/delay.o
                0x000000002000001c                ms
 .bss.rms       0x0000000020000020        0x4 ./Core/Src/delay.o
                0x0000000020000020                rms
 *(COMMON)
                0x0000000020000024                . = ALIGN (0x4)
                0x0000000020000024                _ebss = .
                0x0000000020000024                __bss_end__ = _ebss

._user_heap_stack
                0x0000000020000024      0x604 load address 0x0000000008000794
                0x0000000020000028                . = ALIGN (0x8)
 *fill*         0x0000000020000024        0x4 
                [!provide]                        PROVIDE (end = .)
                0x0000000020000028                PROVIDE (_end = .)
                0x0000000020000228                . = (. + _Min_Heap_Size)
 *fill*         0x0000000020000028      0x200 
                0x0000000020000628                . = (. + _Min_Stack_Size)
 *fill*         0x0000000020000228      0x400 
                0x0000000020000628                . = ALIGN (0x8)

/DISCARD/
 libc.a(*)
 libm.a(*)
 libgcc.a(*)

.ARM.attributes
                0x0000000000000000       0x30
 *(.ARM.attributes)
 .ARM.attributes
                0x0000000000000000       0x1e /opt/st/stm32cubeide_1.13.0/plugins/com.st.stm32cube.ide.mcu.externaltools.gnu-tools-for-stm32.11.3.rel1.linux64_1.1.0.202305231506/tools/bin/../lib/gcc/arm-none-eabi/11.3.1/thumb/v7e-m+fp/hard/crti.o
 .ARM.attributes
                0x000000000000001e       0x34 /opt/st/stm32cubeide_1.13.0/plugins/com.st.stm32cube.ide.mcu.externaltools.gnu-tools-for-stm32.11.3.rel1.linux64_1.1.0.202305231506/tools/bin/../lib/gcc/arm-none-eabi/11.3.1/thumb/v7e-m+fp/hard/crtbegin.o
 .ARM.attributes
                0x0000000000000052       0x34 ./Core/Src/delay.o
 .ARM.attributes
                0x0000000000000086       0x34 ./Core/Src/i2c.o
 .ARM.attributes
                0x00000000000000ba       0x34 ./Core/Src/lcd.o
 .ARM.attributes
                0x00000000000000ee       0x34 ./Core/Src/main.o
 .ARM.attributes
                0x0000000000000122       0x34 ./Core/Src/stm32f4xx_it.o
 .ARM.attributes
                0x0000000000000156       0x34 ./Core/Src/system_stm32f4xx.o
 .ARM.attributes
                0x000000000000018a       0x21 ./Core/Startup/startup_stm32f446retx.o
 .ARM.attributes
                0x00000000000001ab       0x34 /opt/st/stm32cubeide_1.13.0/plugins/com.st.stm32cube.ide.mcu.externaltools.gnu-tools-for-stm32.11.3.rel1.linux64_1.1.0.202305231506/tools/bin/../lib/gcc/arm-none-eabi/11.3.1/../../../../arm-none-eabi/lib/thumb/v7e-m+fp/hard/libc_nano.a(libc_a-init.o)
 .ARM.attributes
                0x00000000000001df       0x1e /opt/st/stm32cubeide_1.13.0/plugins/com.st.stm32cube.ide.mcu.externaltools.gnu-tools-for-stm32.11.3.rel1.linux64_1.1.0.202305231506/tools/bin/../lib/gcc/arm-none-eabi/11.3.1/thumb/v7e-m+fp/hard/crtn.o
OUTPUT(I2C.elf elf32-littlearm)
LOAD linker stubs
LOAD /opt/st/stm32cubeide_1.13.0/plugins/com.st.stm32cube.ide.mcu.externaltools.gnu-tools-for-stm32.11.3.rel1.linux64_1.1.0.202305231506/tools/bin/../lib/gcc/arm-none-eabi/11.3.1/../../../../arm-none-eabi/lib/thumb/v7e-m+fp/hard/libc.a
LOAD /opt/st/stm32cubeide_1.13.0/plugins/com.st.stm32cube.ide.mcu.externaltools.gnu-tools-for-stm32.11.3.rel1.linux64_1.1.0.202305231506/tools/bin/../lib/gcc/arm-none-eabi/11.3.1/../../../../arm-none-eabi/lib/thumb/v7e-m+fp/hard/libm.a
LOAD /opt/st/stm32cubeide_1.13.0/plugins/com.st.stm32cube.ide.mcu.externaltools.gnu-tools-for-stm32.11.3.rel1.linux64_1.1.0.202305231506/tools/bin/../lib/gcc/arm-none-eabi/11.3.1/thumb/v7e-m+fp/hard/libgcc.a

.comment        0x0000000000000000       0x43
 .comment       0x0000000000000000       0x43 /opt/st/stm32cubeide_1.13.0/plugins/com.st.stm32cube.ide.mcu.externaltools.gnu-tools-for-stm32.11.3.rel1.linux64_1.1.0.202305231506/tools/bin/../lib/gcc/arm-none-eabi/11.3.1/thumb/v7e-m+fp/hard/crtbegin.o
                                         0x44 (size before relaxing)
 .comment       0x0000000000000043       0x44 ./Core/Src/delay.o
 .comment       0x0000000000000043       0x44 ./Core/Src/i2c.o
 .comment       0x0000000000000043       0x44 ./Core/Src/lcd.o
 .comment       0x0000000000000043       0x44 ./Core/Src/main.o
 .comment       0x0000000000000043       0x44 ./Core/Src/stm32f4xx_it.o
 .comment       0x0000000000000043       0x44 ./Core/Src/system_stm32f4xx.o

.debug_info     0x0000000000000000     0x1033
 .debug_info    0x0000000000000000      0x1ce ./Core/Src/delay.o
 .debug_info    0x00000000000001ce      0x387 ./Core/Src/i2c.o
 .debug_info    0x0000000000000555      0x2f3 ./Core/Src/lcd.o
 .debug_info    0x0000000000000848      0x16c ./Core/Src/main.o
 .debug_info    0x00000000000009b4      0x112 ./Core/Src/stm32f4xx_it.o
 .debug_info    0x0000000000000ac6      0x54a ./Core/Src/system_stm32f4xx.o
 .debug_info    0x0000000000001010       0x23 ./Core/Startup/startup_stm32f446retx.o

.debug_abbrev   0x0000000000000000      0x605
 .debug_abbrev  0x0000000000000000      0x166 ./Core/Src/delay.o
 .debug_abbrev  0x0000000000000166       0xb6 ./Core/Src/i2c.o
 .debug_abbrev  0x000000000000021c      0x173 ./Core/Src/lcd.o
 .debug_abbrev  0x000000000000038f       0xd7 ./Core/Src/main.o
 .debug_abbrev  0x0000000000000466       0x73 ./Core/Src/stm32f4xx_it.o
 .debug_abbrev  0x00000000000004d9      0x11a ./Core/Src/system_stm32f4xx.o
 .debug_abbrev  0x00000000000005f3       0x12 ./Core/Startup/startup_stm32f446retx.o

.debug_aranges  0x0000000000000000      0x178
 .debug_aranges
                0x0000000000000000       0x38 ./Core/Src/delay.o
 .debug_aranges
                0x0000000000000038       0x20 ./Core/Src/i2c.o
 .debug_aranges
                0x0000000000000058       0x50 ./Core/Src/lcd.o
 .debug_aranges
                0x00000000000000a8       0x20 ./Core/Src/main.o
 .debug_aranges
                0x00000000000000c8       0x60 ./Core/Src/stm32f4xx_it.o
 .debug_aranges
                0x0000000000000128       0x28 ./Core/Src/system_stm32f4xx.o
 .debug_aranges
                0x0000000000000150       0x28 ./Core/Startup/startup_stm32f446retx.o

.debug_rnglists
                0x0000000000000000       0xfa
 .debug_rnglists
                0x0000000000000000       0x25 ./Core/Src/delay.o
 .debug_rnglists
                0x0000000000000025       0x14 ./Core/Src/i2c.o
 .debug_rnglists
                0x0000000000000039       0x38 ./Core/Src/lcd.o
 .debug_rnglists
                0x0000000000000071       0x13 ./Core/Src/main.o
 .debug_rnglists
                0x0000000000000084       0x43 ./Core/Src/stm32f4xx_it.o
 .debug_rnglists
                0x00000000000000c7       0x1a ./Core/Src/system_stm32f4xx.o
 .debug_rnglists
                0x00000000000000e1       0x19 ./Core/Startup/startup_stm32f446retx.o

.debug_macro    0x0000000000000000    0x20507
 .debug_macro   0x0000000000000000      0x1c4 ./Core/Src/delay.o
 .debug_macro   0x00000000000001c4      0xaa8 ./Core/Src/delay.o
 .debug_macro   0x0000000000000c6c       0x22 ./Core/Src/delay.o
 .debug_macro   0x0000000000000c8e       0x8e ./Core/Src/delay.o
 .debug_macro   0x0000000000000d1c       0x51 ./Core/Src/delay.o
 .debug_macro   0x0000000000000d6d      0x103 ./Core/Src/delay.o
 .debug_macro   0x0000000000000e70       0x6a ./Core/Src/delay.o
 .debug_macro   0x0000000000000eda      0x1df ./Core/Src/delay.o
 .debug_macro   0x00000000000010b9       0x2e ./Core/Src/delay.o
 .debug_macro   0x00000000000010e7       0x28 ./Core/Src/delay.o
 .debug_macro   0x000000000000110f       0x1c ./Core/Src/delay.o
 .debug_macro   0x000000000000112b       0x22 ./Core/Src/delay.o
 .debug_macro   0x000000000000114d       0xd9 ./Core/Src/delay.o
 .debug_macro   0x0000000000001226     0x102d ./Core/Src/delay.o
 .debug_macro   0x0000000000002253      0x11f ./Core/Src/delay.o
 .debug_macro   0x0000000000002372    0x16749 ./Core/Src/delay.o
 .debug_macro   0x0000000000018abb       0x6d ./Core/Src/delay.o
 .debug_macro   0x0000000000018b28      0x295 ./Core/Src/delay.o
 .debug_macro   0x0000000000018dbd     0x367e ./Core/Src/delay.o
 .debug_macro   0x000000000001c43b      0x174 ./Core/Src/delay.o
 .debug_macro   0x000000000001c5af       0x5c ./Core/Src/delay.o
 .debug_macro   0x000000000001c60b      0xc90 ./Core/Src/delay.o
 .debug_macro   0x000000000001d29b      0x9fe ./Core/Src/delay.o
 .debug_macro   0x000000000001dc99      0x115 ./Core/Src/delay.o
 .debug_macro   0x000000000001ddae      0x1a0 ./Core/Src/delay.o
 .debug_macro   0x000000000001df4e       0xa5 ./Core/Src/delay.o
 .debug_macro   0x000000000001dff3      0x16d ./Core/Src/delay.o
 .debug_macro   0x000000000001e160      0x287 ./Core/Src/delay.o
 .debug_macro   0x000000000001e3e7       0x5f ./Core/Src/delay.o
 .debug_macro   0x000000000001e446      0x236 ./Core/Src/delay.o
 .debug_macro   0x000000000001e67c      0x132 ./Core/Src/delay.o
 .debug_macro   0x000000000001e7ae      0x29c ./Core/Src/delay.o
 .debug_macro   0x000000000001ea4a       0x2e ./Core/Src/delay.o
 .debug_macro   0x000000000001ea78      0x11a ./Core/Src/delay.o
 .debug_macro   0x000000000001eb92       0xe8 ./Core/Src/delay.o
 .debug_macro   0x000000000001ec7a       0x89 ./Core/Src/delay.o
 .debug_macro   0x000000000001ed03      0x295 ./Core/Src/delay.o
 .debug_macro   0x000000000001ef98      0x126 ./Core/Src/delay.o
 .debug_macro   0x000000000001f0be      0x2a6 ./Core/Src/i2c.o
 .debug_macro   0x000000000001f364       0x61 ./Core/Src/i2c.o
 .debug_macro   0x000000000001f3c5       0x2a ./Core/Src/i2c.o
 .debug_macro   0x000000000001f3ef       0x43 ./Core/Src/i2c.o
 .debug_macro   0x000000000001f432       0x34 ./Core/Src/i2c.o
 .debug_macro   0x000000000001f466       0x16 ./Core/Src/i2c.o
 .debug_macro   0x000000000001f47c       0x35 ./Core/Src/i2c.o
 .debug_macro   0x000000000001f4b1      0x369 ./Core/Src/i2c.o
 .debug_macro   0x000000000001f81a       0x10 ./Core/Src/i2c.o
 .debug_macro   0x000000000001f82a       0x16 ./Core/Src/i2c.o
 .debug_macro   0x000000000001f840       0x43 ./Core/Src/i2c.o
 .debug_macro   0x000000000001f883       0x34 ./Core/Src/i2c.o
 .debug_macro   0x000000000001f8b7       0x10 ./Core/Src/i2c.o
 .debug_macro   0x000000000001f8c7       0x58 ./Core/Src/i2c.o
 .debug_macro   0x000000000001f91f       0x8e ./Core/Src/i2c.o
 .debug_macro   0x000000000001f9ad       0x1c ./Core/Src/i2c.o
 .debug_macro   0x000000000001f9c9      0x177 ./Core/Src/i2c.o
 .debug_macro   0x000000000001fb40       0x16 ./Core/Src/i2c.o
 .debug_macro   0x000000000001fb56       0x16 ./Core/Src/i2c.o
 .debug_macro   0x000000000001fb6c      0x147 ./Core/Src/i2c.o
 .debug_macro   0x000000000001fcb3      0x1e4 ./Core/Src/lcd.o
 .debug_macro   0x000000000001fe97      0x154 ./Core/Src/main.o
 .debug_macro   0x000000000001ffeb       0x97 ./Core/Src/main.o
 .debug_macro   0x0000000000020082       0xfd ./Core/Src/main.o
 .debug_macro   0x000000000002017f      0x1ce ./Core/Src/stm32f4xx_it.o
 .debug_macro   0x000000000002034d      0x1ba ./Core/Src/system_stm32f4xx.o

.debug_line     0x0000000000000000     0x29f4
 .debug_line    0x0000000000000000      0x6fc ./Core/Src/delay.o
 .debug_line    0x00000000000006fc      0x7b1 ./Core/Src/i2c.o
 .debug_line    0x0000000000000ead      0x7f5 ./Core/Src/lcd.o
 .debug_line    0x00000000000016a2      0x4df ./Core/Src/main.o
 .debug_line    0x0000000000001b81      0x71d ./Core/Src/stm32f4xx_it.o
 .debug_line    0x000000000000229e      0x6dc ./Core/Src/system_stm32f4xx.o
 .debug_line    0x000000000000297a       0x7a ./Core/Startup/startup_stm32f446retx.o

.debug_str      0x0000000000000000    0xc58f0
 .debug_str     0x0000000000000000    0xc1d45 ./Core/Src/delay.o
                                      0xc1fcf (size before relaxing)
 .debug_str     0x00000000000c1d45     0x38be ./Core/Src/i2c.o
                                      0xc5815 (size before relaxing)
 .debug_str     0x00000000000c5603       0xeb ./Core/Src/lcd.o
                                      0xc207c (size before relaxing)
 .debug_str     0x00000000000c56ee       0x20 ./Core/Src/main.o
                                       0x77cf (size before relaxing)
 .debug_str     0x00000000000c570e       0xd3 ./Core/Src/stm32f4xx_it.o
                                      0xc1ffc (size before relaxing)
 .debug_str     0x00000000000c57e1       0xdb ./Core/Src/system_stm32f4xx.o
                                      0xc214b (size before relaxing)
 .debug_str     0x00000000000c58bc       0x34 ./Core/Startup/startup_stm32f446retx.o
                                         0x52 (size before relaxing)

.debug_frame    0x0000000000000000      0x384
 .debug_frame   0x0000000000000000       0x9c ./Core/Src/delay.o
 .debug_frame   0x000000000000009c       0x30 ./Core/Src/i2c.o
 .debug_frame   0x00000000000000cc      0x100 ./Core/Src/lcd.o
 .debug_frame   0x00000000000001cc       0x30 ./Core/Src/main.o
 .debug_frame   0x00000000000001fc      0x104 ./Core/Src/stm32f4xx_it.o
 .debug_frame   0x0000000000000300       0x58 ./Core/Src/system_stm32f4xx.o
 .debug_frame   0x0000000000000358       0x2c /opt/st/stm32cubeide_1.13.0/plugins/com.st.stm32cube.ide.mcu.externaltools.gnu-tools-for-stm32.11.3.rel1.linux64_1.1.0.202305231506/tools/bin/../lib/gcc/arm-none-eabi/11.3.1/../../../../arm-none-eabi/lib/thumb/v7e-m+fp/hard/libc_nano.a(libc_a-init.o)

.debug_line_str
                0x0000000000000000       0x46
 .debug_line_str
                0x0000000000000000       0x46 ./Core/Startup/startup_stm32f446retx.o
                                         0x5e (size before relaxing)
