12:18:47 **** Incremental Build of configuration Debug for project example_ball ****
make -j4 all 
arm-none-eabi-gcc "../Core/Src/main.c" -mcpu=cortex-m4 -std=gnu11 -g3 -DDEBUG -DUSE_HAL_DRIVER -DSTM32F446xx -c -I../Core/Inc -I../Drivers/STM32F4xx_HAL_Driver/Inc -I../Drivers/STM32F4xx_HAL_Driver/Inc/Legacy -I../Drivers/CMSIS/Device/ST/STM32F4xx/Include -I../Drivers/CMSIS/Include -O0 -ffunction-sections -fdata-sections -Wall -fstack-usage -fcyclomatic-complexity -MMD -MP -MF"Core/Src/main.d" -MT"Core/Src/main.o" --specs=nano.specs -mfpu=fpv4-sp-d16 -mfloat-abi=hard -mthumb -o "Core/Src/main.o"
../Core/Src/main.c: In function 'WE10_Init':
../Core/Src/main.c:40:9: warning: implicit declaration of function 'sprintf' [-Wimplicit-function-declaration]
   40 |         sprintf (&buffer[0], "CMD+RESET\r\n");
      |         ^~~~~~~
../Core/Src/main.c:7:1: note: include '<stdio.h>' or provide a declaration of 'sprintf'
    6 | #include <string.h>
  +++ |+#include <stdio.h>
    7 | 
../Core/Src/main.c:40:9: warning: incompatible implicit declaration of built-in function 'sprintf' [-Wbuiltin-declaration-mismatch]
   40 |         sprintf (&buffer[0], "CMD+RESET\r\n");
      |         ^~~~~~~
../Core/Src/main.c:40:9: note: include '<stdio.h>' or provide a declaration of 'sprintf'
../Core/Src/main.c: In function 'MQTT_Init':
../Core/Src/main.c:90:9: warning: incompatible implicit declaration of built-in function 'sprintf' [-Wbuiltin-declaration-mismatch]
   90 |         sprintf (&buffer[0], "CMD+MQTTNETCFG=dev.rightech.io,1883\r\n");
      |         ^~~~~~~
../Core/Src/main.c:90:9: note: include '<stdio.h>' or provide a declaration of 'sprintf'
../Core/Src/main.c: In function 'mqtt_data_send':
../Core/Src/main.c:135:1: warning: incompatible implicit declaration of built-in function 'sprintf' [-Wbuiltin-declaration-mismatch]
  135 | sprintf(&buffer[0], "CMD+MQTTPUB=reading/tiltState,%d\r\n", n);
      | ^~~~~~~
../Core/Src/main.c:135:1: note: include '<stdio.h>' or provide a declaration of 'sprintf'
../Core/Src/main.c: In function 'main':
../Core/Src/main.c:178:5: warning: incompatible implicit declaration of built-in function 'sprintf' [-Wbuiltin-declaration-mismatch]
  178 |     sprintf(tiltStateString, "%d", tiltState); // Convert the numeric value to a string
      |     ^~~~~~~
../Core/Src/main.c:178:5: note: include '<stdio.h>' or provide a declaration of 'sprintf'
arm-none-eabi-gcc -o "example_ball.elf" @"objects.list"   -mcpu=cortex-m4 -T"/home/manjunath/stm/example_ball/STM32F446RETX_FLASH.ld" --specs=nosys.specs -Wl,-Map="example_ball.map" -Wl,--gc-sections -static --specs=nano.specs -mfpu=fpv4-sp-d16 -mfloat-abi=hard -mthumb -Wl,--start-group -lc -lm -Wl,--end-group
Finished building target: example_ball.elf
 
arm-none-eabi-size   example_ball.elf 
arm-none-eabi-objdump -h -S  example_ball.elf  > "example_ball.list"
   text	   data	    bss	    dec	    hex	filename
  13644	    100	   2036	  15780	   3da4	example_ball.elf
Finished building: default.size.stdout
 
Finished building: example_ball.list
 

12:18:48 Build Finished. 0 errors, 5 warnings. (took 577ms)

