13:55:19 **** Incremental Build of configuration Debug for project Project_W10 ****
make -j4 all 
arm-none-eabi-gcc "../Core/Src/main.c" -mcpu=cortex-m4 -std=gnu11 -g3 -DDEBUG -DUSE_HAL_DRIVER -DSTM32F446xx -c -I../Core/Inc -I../Drivers/STM32F4xx_HAL_Driver/Inc -I../Drivers/STM32F4xx_HAL_Driver/Inc/Legacy -I../Drivers/CMSIS/Device/ST/STM32F4xx/Include -I../Drivers/CMSIS/Include -I../Middlewares/Third_Party/FreeRTOS/Source/include -I../Middlewares/Third_Party/FreeRTOS/Source/CMSIS_RTOS -I../Middlewares/Third_Party/FreeRTOS/Source/portable/GCC/ARM_CM4F -O0 -ffunction-sections -fdata-sections -Wall -fstack-usage -fcyclomatic-complexity -MMD -MP -MF"Core/Src/main.d" -MT"Core/Src/main.o" --specs=nano.specs -mfpu=fpv4-sp-d16 -mfloat-abi=hard -mthumb -o "Core/Src/main.o"
../Core/Src/main.c: In function 'main':
../Core/Src/main.c:143:3: warning: implicit declaration of function 'WE10_Init' [-Wimplicit-function-declaration]
  143 |   WE10_Init("ssk","colorful");
      |   ^~~~~~~~~
../Core/Src/main.c:144:5: warning: implicit declaration of function 'MQTT_Init' [-Wimplicit-function-declaration]
  144 |     MQTT_Init();
      |     ^~~~~~~~~
In file included from ../Core/Src/main.c:21:
../Middlewares/Third_Party/FreeRTOS/Source/CMSIS_RTOS/cmsis_os.h:416:10: warning: initialization of 'void (*)(const void *)' from incompatible pointer type 'void (*)(void *)' [-Wincompatible-pointer-types]
  416 | { #name, (thread), (priority), (instances), (stacksz), NULL, NULL }
      |          ^
../Core/Src/main.c:170:3: note: in expansion of macro 'osThreadDef'
  170 |   osThreadDef(defaultTask, StartDefaultTask, osPriorityNormal, 0, 128);
      |   ^~~~~~~~~~~
../Middlewares/Third_Party/FreeRTOS/Source/CMSIS_RTOS/cmsis_os.h:416:10: note: (near initialization for 'os_thread_def_defaultTask.pthread')
  416 | { #name, (thread), (priority), (instances), (stacksz), NULL, NULL }
      |          ^
../Core/Src/main.c:170:3: note: in expansion of macro 'osThreadDef'
  170 |   osThreadDef(defaultTask, StartDefaultTask, osPriorityNormal, 0, 128);
      |   ^~~~~~~~~~~
../Middlewares/Third_Party/FreeRTOS/Source/CMSIS_RTOS/cmsis_os.h:416:10: warning: initialization of 'void (*)(const void *)' from incompatible pointer type 'void (*)(void *)' [-Wincompatible-pointer-types]
  416 | { #name, (thread), (priority), (instances), (stacksz), NULL, NULL }
      |          ^
../Core/Src/main.c:174:3: note: in expansion of macro 'osThreadDef'
  174 |   osThreadDef(recive_temp_tas, recive_temp, osPriorityIdle, 0, 128);
      |   ^~~~~~~~~~~
../Middlewares/Third_Party/FreeRTOS/Source/CMSIS_RTOS/cmsis_os.h:416:10: note: (near initialization for 'os_thread_def_recive_temp_tas.pthread')
  416 | { #name, (thread), (priority), (instances), (stacksz), NULL, NULL }
      |          ^
../Core/Src/main.c:174:3: note: in expansion of macro 'osThreadDef'
  174 |   osThreadDef(recive_temp_tas, recive_temp, osPriorityIdle, 0, 128);
      |   ^~~~~~~~~~~
../Middlewares/Third_Party/FreeRTOS/Source/CMSIS_RTOS/cmsis_os.h:416:10: warning: initialization of 'void (*)(const void *)' from incompatible pointer type 'void (*)(void *)' [-Wincompatible-pointer-types]
  416 | { #name, (thread), (priority), (instances), (stacksz), NULL, NULL }
      |          ^
../Core/Src/main.c:179:3: note: in expansion of macro 'osThreadDef'
  179 |   osThreadDef(send_temp2, send_temp, osPriorityIdle, 0, 128);
      |   ^~~~~~~~~~~
../Middlewares/Third_Party/FreeRTOS/Source/CMSIS_RTOS/cmsis_os.h:416:10: note: (near initialization for 'os_thread_def_send_temp2.pthread')
  416 | { #name, (thread), (priority), (instances), (stacksz), NULL, NULL }
      |          ^
../Core/Src/main.c:179:3: note: in expansion of macro 'osThreadDef'
  179 |   osThreadDef(send_temp2, send_temp, osPriorityIdle, 0, 128);
      |   ^~~~~~~~~~~
../Core/Src/main.c: At top level:
../Core/Src/main.c:237:6: warning: conflicting types for 'WE10_Init'; have 'void(char *, char *)'
  237 | void WE10_Init (char *SSID, char *PASSWD)
      |      ^~~~~~~~~
../Core/Src/main.c:143:3: note: previous implicit declaration of 'WE10_Init' with type 'void(char *, char *)'
  143 |   WE10_Init("ssk","colorful");
      |   ^~~~~~~~~
../Core/Src/main.c: In function 'WE10_Init':
../Core/Src/main.c:262:30: warning: too many arguments for format [-Wformat-extra-args]
  262 |         sprintf (&buffer[0], "CMD+CONTOAP=Realme 5.0GHz,12345678\r\n", SSID, PASSWD);
      |                              ^~~~~~~~~~~~~~~~~~~~~~~~~~~~~~~~~~~~~~~~
../Core/Src/main.c: At top level:
../Core/Src/main.c:300:6: warning: conflicting types for 'MQTT_Init'; have 'void()'
  300 | void MQTT_Init()
      |      ^~~~~~~~~
../Core/Src/main.c:144:5: note: previous implicit declaration of 'MQTT_Init' with type 'void()'
  144 |     MQTT_Init();
      |     ^~~~~~~~~
../Core/Src/main.c:282:14: warning: 'mqtt_data_send' defined but not used [-Wunused-function]
  282 |         void mqtt_data_send()
      |              ^~~~~~~~~~~~~~
arm-none-eabi-gcc -o "Project_W10.elf" @"objects.list"   -mcpu=cortex-m4 -T"/home/manjunath/stm/Project_W10/STM32F446RETX_FLASH.ld" --specs=nosys.specs -Wl,-Map="Project_W10.map" -Wl,--gc-sections -static -u _printf_float --specs=nano.specs -mfpu=fpv4-sp-d16 -mfloat-abi=hard -mthumb -Wl,--start-group -lc -lm -Wl,--end-group
Finished building target: Project_W10.elf
 
arm-none-eabi-size   Project_W10.elf 
arm-none-eabi-objdump -h -S  Project_W10.elf  > "Project_W10.list"
   text	   data	    bss	    dec	    hex	filename
  38708	    480	  18448	  57636	   e124	Project_W10.elf
Finished building: default.size.stdout
 
Finished building: Project_W10.list
 

13:55:19 Build Finished. 0 errors, 9 warnings. (took 618ms)

