17:02:15 **** Incremental Build of configuration Debug for project Rightech_led ****
make -j4 all 
arm-none-eabi-gcc "../Core/Src/main.c" -mcpu=cortex-m4 -std=gnu11 -g3 -DDEBUG -DUSE_HAL_DRIVER -DSTM32F446xx -c -I../Core/Inc -I../Drivers/STM32F4xx_HAL_Driver/Inc -I../Drivers/STM32F4xx_HAL_Driver/Inc/Legacy -I../Drivers/CMSIS/Device/ST/STM32F4xx/Include -I../Drivers/CMSIS/Include -O0 -ffunction-sections -fdata-sections -Wall -fstack-usage -fcyclomatic-complexity -MMD -MP -MF"Core/Src/main.d" -MT"Core/Src/main.o" --specs=nano.specs -mfpu=fpv4-sp-d16 -mfloat-abi=hard -mthumb -o "Core/Src/main.o"
../Core/Src/main.c: In function 'WE10_Init':
../Core/Src/main.c:290:30: warning: too many arguments for format [-Wformat-extra-args]
  290 |         sprintf (&buffer[0], "CMD+CONTOAP=Realme 5.0GHz,12345678\r\n", SSID, PASSWD);
      |                              ^~~~~~~~~~~~~~~~~~~~~~~~~~~~~~~~~~~~~~~~
arm-none-eabi-gcc -o "Rightech_led.elf" @"objects.list"   -mcpu=cortex-m4 -T"/home/manjunath/stm/Rightech_led/STM32F446RETX_FLASH.ld" --specs=nosys.specs -Wl,-Map="Rightech_led.map" -Wl,--gc-sections -static --specs=nano.specs -mfpu=fpv4-sp-d16 -mfloat-abi=hard -mthumb -Wl,--start-group -lc -lm -Wl,--end-group
Finished building target: Rightech_led.elf
 
arm-none-eabi-size   Rightech_led.elf 
arm-none-eabi-objdump -h -S  Rightech_led.elf  > "Rightech_led.list"
   text	   data	    bss	    dec	    hex	filename
  13564	    100	   2036	  15700	   3d54	Rightech_led.elf
Finished building: default.size.stdout
 
Finished building: Rightech_led.list
 

17:02:15 Build Finished. 0 errors, 1 warnings. (took 574ms)

